SW-2>ena
SW-2#conf t
Enter configuration commands, one per line.  End with CNTL/Z.
SW-2(config)#vlan 10
SW-2(config-vlan)#name SALES
SW-2(config-vlan)#interface vlan 10
SW-2(config-if)#
%LINK-5-CHANGED: Interface Vlan10, changed state to up

SW-2(config-if)#description SALES
SW-2(config-if)#exit
SW-2(config)#
SW-2(config)#vlan 20
SW-2(config-vlan)#name ACCT
SW-2(config-vlan)#interface vlan 20
SW-2(config-if)#
%LINK-5-CHANGED: Interface Vlan20, changed state to up

SW-2(config-if)#description ACCT
SW-2(config-if)#exit
SW-2(config)#
SW-2(config)#vlan 30
SW-2(config-vlan)#name EXEC
SW-2(config-vlan)#interface vlan 30
SW-2(config-if)#
%LINK-5-CHANGED: Interface Vlan30, changed state to up

SW-2(config-if)#description EXEC
SW-2(config-if)#exit
SW-2(config)#

SW-2>ena
SW-2#conf t
Enter configuration commands, one per line.  End with CNTL/Z.
SW-2(config)#interface range f0/7-10
SW-2(config-if-range)#switchport mode access
SW-2(config-if-range)#switchport access vlan 10
SW-2(config-if-range)#
%LINEPROTO-5-UPDOWN: Line protocol on Interface Vlan10, changed state to up

SW-2(config-if-range)#exit
SW-2(config)#
SW-2(config)#interface range f0/11-15
SW-2(config-if-range)##switchport mode access
                      ^
% Invalid input detected at '^' marker.
	
SW-2(config-if-range)#switchport mode access
SW-2(config-if-range)#switchport access vlan 20
SW-2(config-if-range)#
%LINEPROTO-5-UPDOWN: Line protocol on Interface Vlan20, changed state to up

SW-2(config-if-range)#exit
SW-2(config)#interface range f0/16-24
SW-2(config-if-range)#switchport mode access
SW-2(config-if-range)#switchport access vlan 30
SW-2(config-if-range)#
%LINEPROTO-5-UPDOWN: Line protocol on Interface Vlan30, changed state to up

SW-2(config-if-range)#exit
SW-2(config)#
SW-2(config)#
SW-2(config)#interface range g0/1-2
SW-2(config-if-range)#channel-group 2 mode active
SW-2(config-if-range)#
Creating a port-channel interface Port-channel 2

%LINEPROTO-5-UPDOWN: Line protocol on Interface GigabitEthernet0/1, changed state to down

%LINEPROTO-5-UPDOWN: Line protocol on Interface GigabitEthernet0/1, changed state to up

%LINEPROTO-5-UPDOWN: Line protocol on Interface GigabitEthernet0/2, changed state to down

%LINEPROTO-5-UPDOWN: Line protocol on Interface GigabitEthernet0/2, changed state to up

%LINK-5-CHANGED: Interface Port-channel2, changed state to up

%LINEPROTO-5-UPDOWN: Line protocol on Interface Port-channel2, changed state to up

SW-2(config-if-range)#exit
SW-2(config)#interface range f0/5-6
SW-2(config-if-range)#channel-group 3 mode active
SW-2(config-if-range)#
Creating a port-channel interface Port-channel 3

%LINEPROTO-5-UPDOWN: Line protocol on Interface FastEthernet0/5, changed state to down

%LINEPROTO-5-UPDOWN: Line protocol on Interface FastEthernet0/5, changed state to up

%LINEPROTO-5-UPDOWN: Line protocol on Interface FastEthernet0/6, changed state to down

%LINEPROTO-5-UPDOWN: Line protocol on Interface FastEthernet0/6, changed state to up

%LINK-5-CHANGED: Interface Port-channel3, changed state to up

%LINEPROTO-5-UPDOWN: Line protocol on Interface Port-channel3, changed state to up

SW-2(config-if-range)#exit
SW-2(config)#
SW-2(config)#interface port-channel 2
SW-2(config-if)#switchport mode trunk 

SW-2(config-if)#%SPANTREE-2-UNBLOCK_CONSIST_PORT: Unblocking Port-channel2 on VLAN0001. Port consistency restored.

%SPANTREE-2-UNBLOCK_CONSIST_PORT: Unblocking Port-channel2 on VLAN0001. Port consistency restored.


SW-2(config-if)#switchport nonegotiate
SW-2(config-if)#exit
SW-2(config)#
SW-2(config)#interface port-channel 3
SW-2(config-if)#switchport mode trunk 

SW-2(config-if)#%SPANTREE-2-UNBLOCK_CONSIST_PORT: Unblocking Port-channel3 on VLAN0001. Port consistency restored.

%SPANTREE-2-UNBLOCK_CONSIST_PORT: Unblocking Port-channel3 on VLAN0001. Port consistency restored.


SW-2(config-if)#switchport nonegotiate
SW-2(config-if)#exit
SW-2(config)#